// Jest Snapshot v1, https://goo.gl/fbAQLP

exports[`<Tasks /> should match snapshot 1`] = `
<ul>
  <TaskItem
    done={true}
    id={0}
    key="0"
    title="una tarea"
  />
  <TaskItem
    done={false}
    id={1}
    key="1"
    title="segunda tarea"
  />
  <TaskItem
    done={false}
    id={2}
    key="2"
    title="tercera tarea"
  />
</ul>
`;
